// Vitest Snapshot v1, https://vitest.dev/guide/snapshot.html

exports[`emitter (ts-morph) > emits interface with JSDoc and branded types 1`] = `
"/*
 * Generated by @ch2ts/core
 * Options: {"emitZod":false}
 */
export interface Events {
  /** Original: IPv4 â€” client ip */
  ip: string;
  /** Original: UInt64 */
  id: bigint;
  /** Original: String */
  name: string;
}
"
`;

exports[`emitter (ts-morph) > emits zod schemas for simple types 1`] = `
"/*
 * Generated by @ch2ts/core
 * Options: {"emitZod":true}
 */
import { z } from "zod";

export interface T {
  /** Original: UInt64 */
  a: bigint;
  /** Original: Nullable(String) */
  b: string | null;
  /** Original: Array(UInt32) */
  c: number[];
}

export const TSchema = z.object({ a: z.bigint(), b: z.string().nullable(), c: z.array(z.number()) });
"
`;
