{
  "$schema": "https://json-schema.org/draft/2020-12/schema",
  "title": "Events",
  "type": "object",
  "properties": {
    "id": {
      "type": "integer"
    },
    "name": {
      "type": "string"
    }
  },
  "additionalProperties": false,
  "required": [
    "id",
    "name"
  ]
}

